// Jest Snapshot v1, https://goo.gl/fbAQLP

exports[`App renders correctly 1`] = `
<DocumentFragment>
  <div
    class="App"
  >
    <img
      alt="logo"
      class="logo"
      src="https://cdn.cnn.com/cnnnext/dam/assets/200424060716-nasa-worm-logo.jpg"
    />
    <form>
      <input
        class="search-input"
        placeholder="Enter your search here"
        type="text"
      />
      <button
        class="search-button"
        type="submit"
      >
        Search
      </button>
    </form>
  </div>
</DocumentFragment>
`;
